[dotenv@17.2.3] injecting env (10) from .env.local -- tip: ÔÜÖ´©Å  specify custom .env file path with { path: '/custom/path/.env' }
--- DIAGN├ôSTICO DE CONEXI├ôN ---
URL: https://gveitgpbsltdytmyeupg.supabase.co
KEY (Service): sb_secret_MBkdT...

Intentando conectar a Supabase...
Ô£à ┬íCONEXI├ôN EXITOSA! Supabase respondi├│ correctamente.
